[noteshub.co.in/notes.html]
[noteshub.co.in/favicon.png]
[noteshub.co.in/manifest.json]
[backblue.gif]
[fade.gif]
[index.html]
[ajax.googleapis.com/ajax/libs/jquery/1.12.4/jquery.min.js]
[noteshub.co.in/assets/js/ie-emulation-modes-warning.js]
[maxcdn.bootstrapcdn.com/font-awesome/4.7.0/css/font-awesome.min.css]
[cdn.datatables.net/1.10.15/css/jquery.dataTables.min.css]
[cdn.datatables.net/responsive/2.1.1/css/responsive.dataTables.min.css]
[www.google-analytics.com/analytics.js]
[pagead2.googlesyndication.com/pagead/js/f.txt]
[noteshub.co.in/sw.js]
[noteshub.co.in/search.html]
[noteshub.co.in/practicalFiles.html]
[noteshub.co.in/questionPapers.html]
[noteshub.co.in/eBooks.html]
[noteshub.co.in/buyBooks.html]
[noteshub.co.in/sellBooks.html]
[noteshub.co.in/videos.html]
[noteshub.co.in/uploads/publicuploads/2018/notes/New Doc 2017-04-24_12018-04-25 21_03_59.pdf]
[noteshub.co.in/uploads/publicuploads/2018/notes/complex variable notes2018-04-25 21_19_38.pdf]
[noteshub.co.in/uploads/publicuploads/2018/notes/ODE2018-04-25 21_03_15.pdf]
[noteshub.co.in/uploads/publicuploads/2018/notes/prob2018-04-25 21_01_26.pdf]
[noteshub.co.in/uploads/publicuploads/2018/notes/unit 3 BJT2018-04-25 20_58_18.pdf]
[noteshub.co.in/uploads/publicuploads/2018/notes/UNIT 2  part-1 numericals2018-04-25 20_59_13.pdf]
[noteshub.co.in/uploads/publicuploads/2018/notes/UNIT 2 part-22018-04-25 20_56_43.pdf]
[noteshub.co.in/uploads/publicuploads/2018/notes/UNIT 2 part-32018-04-25 20_57_27.pdf]
[noteshub.co.in/uploads/publicuploads/2018/notes/UNIT 1 EVALUATION OF ELECTRONICS2018-04-25 20_52_06.pdf]
[noteshub.co.in/uploads/publicuploads/2018/notes/UNIT 2 part-12018-04-25 20_55_22.pdf]
[noteshub.co.in/uploads/publicuploads/2018/notes/UNIT 1 EVALUATION OF ELECTRONICS2018-04-25 20_53_13.pdf]
[noteshub.co.in/uploads/publicuploads/2018/notes/232018-04-23 13_49_38.docx]
[noteshub.co.in/uploads/publicuploads/2018/notes/DFS2018-04-24 19_42_36.pdf]
[noteshub.co.in/uploads/publicuploads/2018/notes/sa2018-04-24 19_43_39.pdf]
[noteshub.co.in/uploads/publicuploads/2018/notes/03 color_theorem2018-04-24 19_44_55.pdf]
[noteshub.co.in/uploads/publicuploads/2018/notes/04 Minimum Spanning Trees and Prims Algorithm2018-04-24 19_49_23.pdf]
[noteshub.co.in/uploads/publicuploads/2018/notes/05 warshall-algorithm-for-transitive-closure2018-04-24 19_51_03.pdf]
[noteshub.co.in/uploads/publicuploads/2018/notes/06 Fermats little theorem _ Euler’s theorem2018-04-24 19_51_46.pdf]
[noteshub.co.in/uploads/publicuploads/2018/notes/07 euler-phi function2018-04-24 19_53_01.pdf]
[noteshub.co.in/uploads/publicuploads/2018/notes/08 A Computational Introduction to Number Theory and Algebra2018-04-24 19_55_36.pdf]
[noteshub.co.in/uploads/publicuploads/2018/notes/09 quadratic-congruences2018-04-24 19_56_28.pdf]
[noteshub.co.in/uploads/publicuploads/2018/notes/1 Introduction2018-04-24 19_58_05.pdf]
[noteshub.co.in/uploads/publicuploads/2018/notes/2 Software Development Life Cycle Models2018-04-24 19_58_49.pdf]
[noteshub.co.in/uploads/publicuploads/2018/notes/3 Software Requirements2018-04-24 19_59_32.pdf]
[noteshub.co.in/uploads/publicuploads/2018/notes/4 Software Project Planning2018-04-24 20_00_16.pdf]
[noteshub.co.in/uploads/publicuploads/2018/notes/5 Software Design2018-04-24 20_01_03.pdf]
[noteshub.co.in/uploads/publicuploads/2018/notes/6 Software Metrics2018-04-24 20_01_42.pdf]
[noteshub.co.in/uploads/publicuploads/2018/notes/7 Software Reliability2018-04-24 20_02_21.pdf]
[noteshub.co.in/uploads/publicuploads/2018/notes/8 Software Testing2018-04-24 20_02_59.pdf]
[noteshub.co.in/uploads/publicuploads/2018/notes/Overview Combined2018-04-24 20_21_18.pdf]
[noteshub.co.in/uploads/publicuploads/2018/notes/Combined 2018-04-24 20_22_29.pdf]
[noteshub.co.in/uploads/publicuploads/2018/notes/Combined2018-04-24 20_24_13.pdf]
[noteshub.co.in/uploads/publicuploads/2018/notes/Combined2018-04-24 20_26_31.pdf]
[noteshub.co.in/uploads/publicuploads/2018/notes/Applet, Event, Handling And Swings2018-04-24 20_27_49.pdf]
[noteshub.co.in/download4dd4.html]
[noteshub.co.in/uploads/publicuploads/2018/notes/COA_CHEAT SHEET2018-04-10 23_24_23.pdf]
[noteshub.co.in/uploads/publicuploads/2018/notes/1 EDC2018-04-18 10_50_52.pdf]
[noteshub.co.in/uploads/publicuploads/2018/notes/truss2018-04-18 10_53_24.pdf]
[noteshub.co.in/uploads/publicuploads/2018/notes/DBMS2018-03-01 14_03_36.pdf]
[noteshub.co.in/uploads/publicuploads/2018/notes/EVS unit -I2018-03-01 10_09_50.pdf]
[noteshub.co.in/uploads/publicuploads/2018/notes/EVS Unit-II2018-03-01 10_10_52.pdf]
[noteshub.co.in/download2568.html]
[noteshub.co.in/uploads/publicuploads/2018/notes/DBMS Class Notes2018-03-01 13_56_24.pdf]
[noteshub.co.in/uploads/2018/notes/AE-II Notes OP-Amp2018-02-27 20_57_55.pdf]
[noteshub.co.in/uploads/2018/notes/AE-II notes unit 12018-02-27 20_51_16.pdf]
[noteshub.co.in/uploads/2018/notes/AE UNIT-1,2 NOTES2018-02-27 20_45_38.pdf]
[noteshub.co.in/uploads/2018/notes/EM2018-02-27 20_37_40.pdf]
[noteshub.co.in/uploads/2018/notes/COA 1st Sessionals2018-02-27 20_31_34.pdf]
[noteshub.co.in/uploads/publicuploads/2018/notes/Unit 22018-02-27 15_06_05.pdf]
[noteshub.co.in/uploads/2018/notes/ITC imp notes2018-02-27 01_01_28.pdf]
[noteshub.co.in/uploads/publicuploads/2018/notes/COMM Class Notes2018-02-26 22_53_58.pdf]
[noteshub.co.in/uploads/2018/notes/analog electronics II akash sample paper2018-02-26 20_41_12.pdf]
[noteshub.co.in/uploads/2018/notes/WE unit 1 and 2 marked 2018-02-26 20_09_57.pdf]
[noteshub.co.in/uploads/publicuploads/2018/notes/New Doc 2018-02-262018-02-26 17_10_21.pdf]
[noteshub.co.in/uploads/2018/notes/antenna unit-12018-02-25 19_36_06.pdf]
[noteshub.co.in/uploads/2018/notes/MPMC2018-02-25 19_31_40.pdf]
[noteshub.co.in/uploads/2018/notes/antenna unit-22018-02-25 19_15_42.pdf]
[noteshub.co.in/uploads/2018/notes/New Doc 2018-02-252018-02-25 14_38_10.pdf]
[noteshub.co.in/uploads/2018/notes/emft notes-12018-02-23 23_28_57.pdf]
[noteshub.co.in/uploads/2018/notes/UNIT 2 part-32018-02-23 23_09_01.pdf]
[noteshub.co.in/uploads/2018/notes/UNIT 2 part-22018-02-23 23_06_18.pdf]
[noteshub.co.in/uploads/2018/notes/UNIT 2  part-1 numericals2018-02-23 23_05_22.pdf]
[noteshub.co.in/uploads/2018/notes/UNIT 2 part-12018-02-23 23_04_23.pdf]
[noteshub.co.in/uploads/2018/notes/UNIT 1 EVALUATION OF ELECTRONICS2018-02-23 23_03_03.pdf]
[noteshub.co.in/uploads/2018/notes/Mobile Computing PDF2018-02-23 22_47_52.pdf]
[noteshub.co.in/uploads/2018/notes/OS 32018-02-23 19_29_14.pdf]
[noteshub.co.in/uploads/2018/notes/OS Threads2018-02-23 19_28_07.pdf]
[noteshub.co.in/uploads/2018/notes/OS upto Threads2018-02-23 19_25_13.pdf]
[noteshub.co.in/uploads/2018/notes/NAS pdf2018-02-22 23_39_55.pdf]
[noteshub.co.in/uploads/2018/notes/TOC Notes2018-02-22 23_10_22.pdf]
[noteshub.co.in/uploads/2018/notes/TOC notes of 4sem2018-02-22 23_00_44.pdf]
[noteshub.co.in/uploads/2018/notes/PS-1 class notes2018-02-22 22_58_12.pdf]
[noteshub.co.in/uploads/2018/notes/microwave unit 22018-02-21 12_52_46.pdf]
[noteshub.co.in/uploads/2018/notes/microwave unit 12018-02-21 12_48_18.pdf]
[noteshub.co.in/uploads/2018/notes/nas2018-02-21 12_44_23.pdf]
[noteshub.co.in/uploads/2018/notes/Transportation Problem-Manan2018-02-17 11_39_56.pdf]
[noteshub.co.in/uploads/2018/notes/Linear Programming-Unit4-Manan2018-02-17 11_39_16.pdf]
[noteshub.co.in/uploads/2018/notes/Theory Of Probability-Manan2018-02-17 11_38_28.pdf]
[noteshub.co.in/uploads/2018/notes/Probability Distrubution-Manan2018-02-17 11_37_29.pdf]
[noteshub.co.in/uploads/2018/notes/Partial Differential Eq-Manan2018-02-17 11_36_12.pdf]
[noteshub.co.in/uploads/2018/notes/DSBSC-Manan2018-02-17 11_32_13.pdf]
[noteshub.co.in/uploads/2018/notes/DSBSC-Manan2018-02-17 11_29_59.pdf]
[noteshub.co.in/uploads/2018/notes/CSUnit2--Manan2018-02-17 11_27_44.pdf]
[noteshub.co.in/uploads/2018/notes/CSUnit2--Manan2018-02-17 11_25_57.pdf]
[noteshub.co.in/uploads/2018/notes/IntroToProgramming2018-02-17 11_10_40.pdf]
[noteshub.co.in/uploads/2018/notes/max minima - Abhilasha2018-02-17 11_09_24.pdf]
[noteshub.co.in/uploads/2018/notes/laplace of special functions - Abhilasha2018-02-17 11_06_41.pdf]
[noteshub.co.in/uploads/2018/notes/formation of pde - Abhilasha2018-02-17 11_02_57.pdf]
[noteshub.co.in/uploads/2018/notes/EDC Unit 2 - Sahdev2018-02-17 11_00_11.pdf]
[noteshub.co.in/uploads/2018/notes/EDC unit 1 - Printed - Somya2018-02-17 10_56_23.pdf]
[noteshub.co.in/uploads/2018/notes/charpits standard form - Abhilasha2018-02-17 10_54_44.pdf]
[noteshub.co.in/uploads/2017/notes/Applied Physics 2 - Unit 22018-02-06 18_33_02.pdf]
[noteshub.co.in/uploads/2017/notes/Applied Physics 2 - Unit 12018-02-06 18_31_35.pdf]
[noteshub.co.in/uploads/2017/notes/Dc motor anant2018-02-04 10_09_36.pdf]
[noteshub.co.in/uploads/2017/notes/COA-Unit1and2-Sem4-CSE_IT-BhanuThapliya2018-02-04 09_46_27.pdf]
[noteshub.co.in/uploads/2017/notes/Em-2ndSem-Unit1-Saurav-NIEC2018-02-02 20_52_40.pdf]
[noteshub.co.in/uploads/2017/notes/Intro to programing-Sem2-Gagan2018-02-02 20_50_20.pdf]
[noteshub.co.in/uploads/2017/notes/Programming with C (2nd ed2018-01-31 20_00_03.pdf]
[noteshub.co.in/uploads/2017/notes/physics unit 12018-01-30 10_01_45.pdf]
[noteshub.co.in/uploads/2017/notes/TAYLORS THEOREM AND ERROR2018-01-28 23_49_53.pdf]
[noteshub.co.in/uploads/2017/notes/Eulers theorem (Homogeneous function)2018-01-28 23_48_12.pdf]
[noteshub.co.in/uploads/2017/notes/MAXIMA AND MINIMA2018-01-28 23_44_00.pdf]
[noteshub.co.in/uploads/2017/notes/Jacobians2018-01-28 23_40_44.pdf]
[noteshub.co.in/uploads/2017/notes/Total derivative2018-01-28 23_39_50.pdf]
[noteshub.co.in/uploads/2017/notes/Inverse Laplace transformation (Convolution theorem)2018-01-28 23_38_03.pdf]
[noteshub.co.in/uploads/2017/notes/EDC UNIT-12018-01-22 06_03_32.pdf]
[noteshub.co.in/uploads/2017/notes/jacobian2018-01-22 06_01_36.pdf]
[noteshub.co.in/uploads/2017/notes/phy unit 12018-01-22 06_00_57.pdf]
[noteshub.co.in/uploads/2017/notes/Laplace transformation2018-01-22 06_00_02.pdf]
[noteshub.co.in/uploads/2017/notes/PARTIAL DERIVATIVE2018-01-21 13_26_16.pdf]
[noteshub.co.in/uploads/2017/notes/MATHS TOTAL DERIVATIVE2018-01-16 23_29_57.pdf]
[noteshub.co.in/uploads/2017/notes/IM UNIT 4 COMPLETE5857af3a8b53612017-12-17 15_12_45.pdf]
[noteshub.co.in/uploads/2017/notes/IM 7-105813a8da7208282017-12-17 15_10_32.pdf]
[noteshub.co.in/uploads/2017/notes/IM 4,5,65813a4b93c22f42017-12-17 15_03_16.pdf]
[noteshub.co.in/uploads/2017/notes/IM 1,2,358139a866b47222017-12-17 15_00_00.pdf]
[noteshub.co.in/uploads/2017/notes/Unit 2 Phaserule (Handwritten)2017-12-16 12_18_17.pdf]
[noteshub.co.in/uploads/2017/notes/Unit 1 Fules (Handwritten)2017-12-16 12_12_18.pdf]
[noteshub.co.in/uploads/2017/notes/EM unit 32017-12-15 22_28_22.pdf]
[noteshub.co.in/uploads/2017/notes/Unit 22017-12-15 22_26_06.pdf]
[noteshub.co.in/uploads/2017/notes/Unit 12017-12-15 22_25_59.pdf]
[noteshub.co.in/uploads/2017/notes/Applied Chem Unit 42017-12-15 21_06_06.pdf]
[noteshub.co.in/uploads/2017/notes/Machine notes2017-12-15 14_31_27.pdf]
[noteshub.co.in/uploads/2017/notes/Synchronous Machine2017-12-15 14_31_22.pdf]
[noteshub.co.in/uploads/2017/notes/3 Phase Induction Motor2017-12-15 14_28_44.pdf]
[noteshub.co.in/uploads/2017/notes/Machine unit 32017-12-15 14_27_37.pdf]
[noteshub.co.in/uploads/2017/notes/EM Unit 42017-12-15 14_24_55.pdf]
[noteshub.co.in/uploads/2017/notes/Elements of machines2017-12-15 14_22_05.pdf]
[noteshub.co.in/uploads/2017/notes/Dc motor2017-12-15 14_20_13.pdf]
[noteshub.co.in/uploads/2017/notes/Dc generator2017-12-15 14_14_26.pdf]
[noteshub.co.in/uploads/2017/notes/data-warehousing-fundamentals-by-paulraj-ponniah2017-12-15 01_32_04.pdf]
[noteshub.co.in/uploads/2017/notes/ADBMS NOTES FULL2017-12-15 01_25_37.pdf]
[noteshub.co.in/uploads/2017/notes/radar unit 42017-12-15 01_09_15.pdf]
[noteshub.co.in/uploads/2017/notes/radar unit 32017-12-15 01_08_20.pdf]
[noteshub.co.in/uploads/2017/notes/Radar Unit 22017-12-15 01_07_29.pdf]
[noteshub.co.in/uploads/2017/notes/FOCS 2nd Sessional2017-12-12 21_42_52.pdf]
[noteshub.co.in/uploads/2017/notes/Maths Class Notes2017-12-12 21_38_35.pdf]
[noteshub.co.in/uploads/2017/notes/FOCS Class Notes2017-12-12 21_33_28.pdf]
[noteshub.co.in/uploads/2017/notes/DS Class Notes-22017-12-12 21_24_37.pdf]
[noteshub.co.in/uploads/2017/notes/DS Class Notes2017-12-12 21_22_45.pdf]
[noteshub.co.in/uploads/2017/notes/CS Class Notes2017-12-12 21_19_39.pdf]
[noteshub.co.in/uploads/2017/notes/computer graphics2017-12-12 21_16_13.pdf]
[noteshub.co.in/uploads/2017/notes/Circuit and Systems 3rd sem unit 32017-12-12 21_09_44.pdf]
[noteshub.co.in/uploads/2017/notes/CGM Class Notes2017-12-12 21_06_25.pdf]
[noteshub.co.in/uploads/2017/notes/AE UNIT 42017-12-12 21_03_37.pdf]
[noteshub.co.in/uploads/2017/notes/EIM Unit 22017-12-12 19_22_03.pdf]
[noteshub.co.in/uploads/2017/notes/EIM Unit 12017-12-12 19_20_31.pdf]
[noteshub.co.in/uploads/2017/notes/DS sem 32017-12-12 03_28_12.pdf]
[noteshub.co.in/uploads/2017/notes/DS_unit_2_notes2017-12-12 03_27_41.pdf]
[noteshub.co.in/uploads/2017/notes/Crypto unit 3 Notes2017-12-12 03_22_10.pdf]
[noteshub.co.in/uploads/2017/notes/Crypto unit 1- 22017-12-12 03_21_21.pdf]
[noteshub.co.in/uploads/2017/notes/crypto unit 42017-12-12 03_21_02.pdf]
[noteshub.co.in/uploads/2017/notes/Single Phase Transformers AH2017-12-12 03_16_45.pdf]
[noteshub.co.in/uploads/2017/notes/Single Phase Series A2017-12-12 03_14_56.pdf]
[noteshub.co.in/uploads/2017/notes/Self and Mutual Inductances AH2017-12-12 03_13_38.pdf]
[noteshub.co.in/uploads/2017/notes/Resonance AH2017-12-12 03_13_21.pdf]
[noteshub.co.in/uploads/2017/notes/Magnetic Circuits AH2017-12-12 03_12_21.pdf]
[noteshub.co.in/uploads/2017/notes/Electromagnetism AH2017-12-12 03_12_04.pdf]
[noteshub.co.in/uploads/2017/notes/Electrical Measurements AH2017-12-12 03_10_41.pdf]
[noteshub.co.in/uploads/2017/notes/Direct Current Motors AH2017-12-12 03_09_42.pdf]
[noteshub.co.in/uploads/2017/notes/Direct Current Generator AH2017-12-12 03_08_45.pdf]
[noteshub.co.in/uploads/2017/notes/ST Unit 12017-12-12 03_07_18.pdf]
[noteshub.co.in/uploads/2017/notes/BMC2017-12-12 03_05_14.pdf]
[noteshub.co.in/uploads/2017/notes/Alternating Voltage and Current AH2017-12-12 02_55_43.pdf]
[noteshub.co.in/uploads/2017/notes/pmdc motor2017-12-12 02_45_55.pdf]
[noteshub.co.in/uploads/2017/notes/MP(powder metallurgy)2017-12-12 02_43_31.pdf]
[noteshub.co.in/uploads/2017/notes/ada 3-4 unit2017-12-12 02_38_42.pdf]
[noteshub.co.in/uploads/2017/notes/unit 42017-12-12 02_35_18.pdf]
[noteshub.co.in/uploads/2017/notes/stepper motor2017-12-12 02_34_02.pdf]
[noteshub.co.in/uploads/2017/notes/Managing Undo Data2017-12-11 18_59_09.pdf]
[noteshub.co.in/uploads/2017/notes/ADBA 3,42017-12-11 18_57_31.pdf]
[noteshub.co.in/uploads/2017/notes/ADBA 1,22017-12-11 18_57_03.pdf]
[noteshub.co.in/uploads/2017/notes/Cns 1st term2017-12-11 15_52_44.pdf]
[noteshub.co.in/uploads/2017/notes/WC2017-12-11 15_39_33.pdf]
[noteshub.co.in/uploads/2017/notes/FCS Complete Handwritten Notes2017-12-11 15_33_27.pdf]
[noteshub.co.in/uploads/2017/notes/Unit 3 and 4 Communication Systems2017-12-11 12_36_05.pdf]
[noteshub.co.in/uploads/2017/notes/Unit 42017-12-10 19_37_25.pdf]
[noteshub.co.in/uploads/2017/notes/Differential Equations2017-12-02 19_33_26.pdf]
[noteshub.co.in/uploads/2017/notes/Linux Commands, Flowcharts and Networking2017-12-02 18_08_15.pdf]
[noteshub.co.in/uploads/2017/notes/AE-1 (Unit 4) - Noteshub2017-12-02 15_38_33.pdf]
[noteshub.co.in/uploads/2017/notes/AE-1 (Unit 3) - Noteshub2017-12-02 15_36_47.pdf]
[noteshub.co.in/uploads/2017/notes/AE-1 (Unit 2) - Noteshub2017-12-02 15_35_56.pdf]
[noteshub.co.in/uploads/2017/notes/AE-1 (Unit 1) - Noteshub2017-12-02 15_35_18.pdf]
[noteshub.co.in/uploads/2017/notes/FOCS unit 42017-12-01 18_33_53.pdf]
[noteshub.co.in/uploads/2017/notes/FOCS unit 32017-12-01 18_33_20.pdf]
[noteshub.co.in/uploads/2017/notes/FOCS unit 22017-12-01 18_32_04.pdf]
[noteshub.co.in/uploads/2017/notes/FOCS unit 12017-12-01 18_31_18.pdf]
[noteshub.co.in/uploads/2017/notes/physics viva questions2017-12-01 18_28_42.pdf]
[noteshub.co.in/uploads/2017/notes/dc motor2017-12-01 18_26_42.pdf]
[noteshub.co.in/uploads/2017/notes/asymptode2017-12-01 18_25_14.pdf]
[noteshub.co.in/uploads/2017/notes/Curve tracing2017-12-01 18_24_20.pdf]
[noteshub.co.in/uploads/2017/notes/Unit 2 Realtion between params2017-12-01 18_22_13.pdf]
[noteshub.co.in/uploads/2017/notes/laplas NotesHub2017-12-01 18_08_50.pdf]
[noteshub.co.in/uploads/2017/notes/CNS- Unit 32017-12-01 18_06_38.pdf]
[noteshub.co.in/uploads/2017/notes/Unit 4 (Photocopy Notes)2017-12-01 18_02_43.pdf]
[noteshub.co.in/uploads/2017/notes/Matrices notes NotesHub2017-12-01 17_53_43.pdf]
[noteshub.co.in/uploads/2017/notes/Diffraction2017-12-01 17_45_30.pdf]
[noteshub.co.in/uploads/2017/notes/Magnetic Circuits Notes Noteshub2017-12-01 17_41_07.pdf]
[noteshub.co.in/uploads/2017/notes/Signal and Systems - Noteshub2017-12-01 17_26_15.pdf]
[noteshub.co.in/uploads/2017/notes/FOC complete2017-12-01 17_09_20.pdf]
[noteshub.co.in/uploads/2017/notes/app of integration2017-12-01 16_57_07.pdf]
[noteshub.co.in/notes.html]
[noteshub.co.in/dist/fonts/glyphicons-halflings-regular.eot]
[noteshub.co.in/dist/fonts/glyphicons-halflings-regulard41d.eot]
[noteshub.co.in/dist/fonts/glyphicons-halflings-regular.woff]
[noteshub.co.in/dist/fonts/glyphicons-halflings-regular.ttf]
[noteshub.co.in/dist/css/bootstrap.min.css]
[noteshub.co.in/assets/css/ie10-viewport-bug-workaround.css]
[noteshub.co.in/dist/css/select2.css]
[noteshub.co.in/dist/css/select2-bootstrap.css]
[noteshub.co.in/dist/css/modify.css]
[noteshub.co.in/dist/css/buyBooks.css]
[noteshub.co.in/dist/css/sellBooks.css]
[noteshub.co.in/dist/css/carousel.css]
[noteshub.co.in/images/banner.jpg]
[noteshub.co.in/images/bg2.jpg]
[noteshub.co.in/images/message.jpg]
[noteshub.co.in/images/follow-us.jpg]
[noteshub.co.in/dist/css/index.css]
[maxcdn.bootstrapcdn.com/font-awesome/4.7.0/css/font-awesome.min.css]
[noteshub.co.in/dist/css/footer-basic-centered.css]
[noteshub.co.in/tables/css/dataTables.bootstrap.min.css]
[cdn.datatables.net/1.10.15/images/sort_both.png]
[cdn.datatables.net/1.10.15/images/sort_asc.png]
[cdn.datatables.net/1.10.15/images/sort_desc.png]
[cdn.datatables.net/1.10.15/images/sort_asc_disabled.png]
[cdn.datatables.net/1.10.15/images/sort_desc_disabled.png]
[cdn.datatables.net/1.10.15/css/jquery.dataTables.min.css]
[cdn.datatables.net/responsive/2.1.1/css/responsive.dataTables.min.css]
[noteshub.co.in/dist/css/datatables customization.css]
[noteshub.co.in/dist/css/google ads customization.css]
[noteshub.co.in/dist/js/search.js]
[noteshub.co.in/images/192.png]
[noteshub.co.in/POST.html]
[noteshub.co.in/open_upload_request.html]
[noteshub.co.in/assets/js/vendor/jquery.min.js]
[noteshub.co.in/dist/js/bootstrap.min.js]
[noteshub.co.in/assets/js/vendor/holder.min.js]
[noteshub.co.in/assets/js/ie10-viewport-bug-workaround.js]
[noteshub.co.in/tables/js/dataTables.bootstrap.min.js]
[cdn.datatables.net/1.10.15/js/jquery.dataTables.min.js]
[cdn.datatables.net/responsive/2.1.1/js/dataTables.responsive.min.js]
[cdn.datatables.net/responsive/2.1.1/js/responsive.bootstrap.min.js]
[noteshub.co.in/search.html]
[noteshub.co.in/uploads/publicuploads/2018/practicalfiles/FOC Practical File2018-04-18 11_00_57.pdf]
[noteshub.co.in/uploads/publicuploads/2018/practicalfiles/AE-2 FILE2018-04-01 21_09_23.pdf]
[noteshub.co.in/uploads/2017/practicalfiles/Mechanics Lab Manual2018-02-16 18_04_45.pdf]
[noteshub.co.in/uploads/2017/practicalfiles/EM lab2018-02-15 07_30_46.pdf]
[noteshub.co.in/uploads/2017/practicalfiles/CS FILE2018-02-01 00_14_30.pdf]
[noteshub.co.in/uploads/2017/practicalfiles/AE-2 FILE2018-02-01 00_08_13.pdf]
